------------------------------------------------------------
Timing Analyzer Summary
------------------------------------------------------------

Type  : Slow 1200mV 100C Model Setup 'main_pll_inst|altpll_component|auto_generated|pll1|clk[1]'
Slack : -1.376
TNS   : -565.412

Type  : Slow 1200mV 100C Model Setup 'main_pll_inst|altpll_component|auto_generated|pll1|clk[4]'
Slack : 3.049
TNS   : 0.000

Type  : Slow 1200mV 100C Model Setup 'main_pll_inst|altpll_component|auto_generated|pll1|clk[3]'
Slack : 23.247
TNS   : 0.000

Type  : Slow 1200mV 100C Model Hold 'main_pll_inst|altpll_component|auto_generated|pll1|clk[1]'
Slack : 0.310
TNS   : 0.000

Type  : Slow 1200mV 100C Model Hold 'main_pll_inst|altpll_component|auto_generated|pll1|clk[3]'
Slack : 0.407
TNS   : 0.000

Type  : Slow 1200mV 100C Model Hold 'main_pll_inst|altpll_component|auto_generated|pll1|clk[4]'
Slack : 0.437
TNS   : 0.000

Type  : Slow 1200mV 100C Model Minimum Pulse Width 'main_pll_inst|altpll_component|auto_generated|pll1|clk[4]'
Slack : 3.651
TNS   : 0.000

Type  : Slow 1200mV 100C Model Minimum Pulse Width 'main_pll_inst|altpll_component|auto_generated|pll1|clk[1]'
Slack : 4.542
TNS   : 0.000

Type  : Slow 1200mV 100C Model Minimum Pulse Width 'main_pll_inst|altpll_component|auto_generated|pll1|clk[2]'
Slack : 4.844
TNS   : 0.000

Type  : Slow 1200mV 100C Model Minimum Pulse Width 'clock'
Slack : 9.810
TNS   : 0.000

Type  : Slow 1200mV 100C Model Minimum Pulse Width 'main_pll_inst|altpll_component|auto_generated|pll1|clk[3]'
Slack : 19.650
TNS   : 0.000

Type  : Slow 1200mV -40C Model Setup 'main_pll_inst|altpll_component|auto_generated|pll1|clk[1]'
Slack : -0.103
TNS   : -1.411

Type  : Slow 1200mV -40C Model Setup 'main_pll_inst|altpll_component|auto_generated|pll1|clk[4]'
Slack : 3.471
TNS   : 0.000

Type  : Slow 1200mV -40C Model Setup 'main_pll_inst|altpll_component|auto_generated|pll1|clk[3]'
Slack : 25.251
TNS   : 0.000

Type  : Slow 1200mV -40C Model Hold 'main_pll_inst|altpll_component|auto_generated|pll1|clk[1]'
Slack : 0.300
TNS   : 0.000

Type  : Slow 1200mV -40C Model Hold 'main_pll_inst|altpll_component|auto_generated|pll1|clk[3]'
Slack : 0.334
TNS   : 0.000

Type  : Slow 1200mV -40C Model Hold 'main_pll_inst|altpll_component|auto_generated|pll1|clk[4]'
Slack : 0.389
TNS   : 0.000

Type  : Slow 1200mV -40C Model Minimum Pulse Width 'main_pll_inst|altpll_component|auto_generated|pll1|clk[4]'
Slack : 3.665
TNS   : 0.000

Type  : Slow 1200mV -40C Model Minimum Pulse Width 'main_pll_inst|altpll_component|auto_generated|pll1|clk[1]'
Slack : 4.572
TNS   : 0.000

Type  : Slow 1200mV -40C Model Minimum Pulse Width 'main_pll_inst|altpll_component|auto_generated|pll1|clk[2]'
Slack : 4.834
TNS   : 0.000

Type  : Slow 1200mV -40C Model Minimum Pulse Width 'clock'
Slack : 9.812
TNS   : 0.000

Type  : Slow 1200mV -40C Model Minimum Pulse Width 'main_pll_inst|altpll_component|auto_generated|pll1|clk[3]'
Slack : 19.665
TNS   : 0.000

Type  : Fast 1200mV -40C Model Setup 'main_pll_inst|altpll_component|auto_generated|pll1|clk[1]'
Slack : 4.422
TNS   : 0.000

Type  : Fast 1200mV -40C Model Setup 'main_pll_inst|altpll_component|auto_generated|pll1|clk[4]'
Slack : 5.445
TNS   : 0.000

Type  : Fast 1200mV -40C Model Setup 'main_pll_inst|altpll_component|auto_generated|pll1|clk[3]'
Slack : 32.366
TNS   : 0.000

Type  : Fast 1200mV -40C Model Hold 'main_pll_inst|altpll_component|auto_generated|pll1|clk[1]'
Slack : 0.100
TNS   : 0.000

Type  : Fast 1200mV -40C Model Hold 'main_pll_inst|altpll_component|auto_generated|pll1|clk[3]'
Slack : 0.173
TNS   : 0.000

Type  : Fast 1200mV -40C Model Hold 'main_pll_inst|altpll_component|auto_generated|pll1|clk[4]'
Slack : 0.182
TNS   : 0.000

Type  : Fast 1200mV -40C Model Minimum Pulse Width 'main_pll_inst|altpll_component|auto_generated|pll1|clk[4]'
Slack : 3.756
TNS   : 0.000

Type  : Fast 1200mV -40C Model Minimum Pulse Width 'main_pll_inst|altpll_component|auto_generated|pll1|clk[1]'
Slack : 4.722
TNS   : 0.000

Type  : Fast 1200mV -40C Model Minimum Pulse Width 'main_pll_inst|altpll_component|auto_generated|pll1|clk[2]'
Slack : 4.959
TNS   : 0.000

Type  : Fast 1200mV -40C Model Minimum Pulse Width 'clock'
Slack : 9.420
TNS   : 0.000

Type  : Fast 1200mV -40C Model Minimum Pulse Width 'main_pll_inst|altpll_component|auto_generated|pll1|clk[3]'
Slack : 19.733
TNS   : 0.000

------------------------------------------------------------
